// Jest Snapshot v1, https://goo.gl/fbAQLP

exports[`Render Login component 1`] = `
<div
  className="sc-bdVaJa bnQOeo"
>
  <h1>
    Login Page
  </h1>
</div>
`;
