// Jest Snapshot v1, https://goo.gl/fbAQLP

exports[`<SearchResults/> Renders 1`] = `ReactWrapper {}`;
